// Jest Snapshot v1, https://goo.gl/fbAQLP

exports[`renders correctly 1`] = `
<form
  className="CitySearch-main"
  onSubmit={[Function]}
>
  <label
    className="CitySearch-search"
  >
     Type in cities to compare separated by commas
  </label>
  <input
    className="CitySearch-input form-control"
    onChange={[Function]}
    placeholder="Paris, Bogota"
    type="text"
    value=""
  />
  <input
    className="CitySearch-button"
    type="submit"
    value="Submit"
  />
</form>
`;
